<?xml version="1.0" encoding="UTF-8"?>
<TestRun id="678f50f3-4942-49f7-b314-b1cc24b62c59" name="Tzvi@FPE-V37 2012-02-21 14:05:50" runUser="FRIEDMANPE\Tzvi" xmlns="http://microsoft.com/schemas/VisualStudio/TeamTest/2010">
  <TestSettings name="Local" id="38a79b91-e4a6-4545-bcfe-57f2358ccc4b">
    <Description>These are default test settings for a local test run.</Description>
    <Deployment userDeploymentRoot="C:\Users\Tzvi\Documents\VS Projects\Growl-For-Windows-git\Growl Extras\Sticky Note\TestResults" useDefaultDeploymentRoot="false" enabled="false" runDeploymentRoot="Tzvi_FPE-V37 2012-02-21 14_05_50">
      <DeploymentItem filename="C:\Users\Tzvi\Documents\VS Projects\Growl-For-Windows-git\Growl Extras\Growl Display SDK\libraries\Growl.CoreLibrary.dll" />
      <DeploymentItem filename="C:\Users\Tzvi\Documents\VS Projects\Growl-For-Windows-git\Growl Extras\Sticky Note\Sticky Note\bin\Debug\StickyNote.dll" />
      <DeploymentItem filename="C:\Users\Tzvi\Documents\VS Projects\Growl-For-Windows-git\Growl Extras\Growl Display SDK\libraries\Growl.DisplayStyle.dll" />
    </Deployment>
    <Execution>
      <TestTypeSpecific />
      <AgentRule name="Execution Agents">
      </AgentRule>
    </Execution>
  </TestSettings>
  <Times creation="2012-02-21T14:05:50.8490272-05:00" queuing="2012-02-21T14:05:53.6300272-05:00" start="2012-02-21T14:05:53.9620272-05:00" finish="2012-02-21T14:06:05.6900272-05:00" />
  <ResultSummary outcome="Failed">
    <Counters total="1" executed="1" error="0" failed="1" timeout="0" aborted="0" inconclusive="0" passedButRunAborted="0" notRunnable="0" notExecuted="0" disconnected="0" warning="0" passed="0" completed="0" inProgress="0" pending="0" />
    <RunInfos>
      <RunInfo computerName="FPE-V37" outcome="Warning" timestamp="2012-02-21T14:05:50.8990272-05:00">
        <Text>Deployment is currently disabled. The deployment item 'StickyNote.dll' on test 'Test.StickyNoteDisplayTest.NotificationMeetsRulesTest' was not deployed.</Text>
      </RunInfo>
    </RunInfos>
  </ResultSummary>
  <TestDefinitions>
    <UnitTest name="NotificationMeetsRulesTest" storage="c:\users\tzvi\documents\vs projects\growl-for-windows-git\growl extras\sticky note\test\bin\debug\test.dll" id="2f6687ba-5099-88d7-7d38-fbb81e067d44">
      <DeploymentItems>
        <DeploymentItem filename="StickyNote.dll" />
      </DeploymentItems>
      <Execution id="ffab4221-b9b2-47f2-a62a-9f021480c6f1" />
      <TestMethod codeBase="C:/Users/Tzvi/Documents/VS Projects/Growl-For-Windows-git/Growl Extras/Sticky Note/Test/bin/Debug/Test.DLL" adapterTypeName="Microsoft.VisualStudio.TestTools.TestTypes.Unit.UnitTestAdapter, Microsoft.VisualStudio.QualityTools.Tips.UnitTest.Adapter, Version=10.0.0.0, Culture=neutral, PublicKeyToken=b03f5f7f11d50a3a" className="Test.StickyNoteDisplayTest, Test, Version=1.0.0.0, Culture=neutral, PublicKeyToken=null" name="NotificationMeetsRulesTest" />
    </UnitTest>
  </TestDefinitions>
  <TestLists>
    <TestList name="Results Not in a List" id="8c84fa94-04c1-424b-9868-57a2d4851a1d" />
    <TestList name="All Loaded Results" id="19431567-8539-422a-85d7-44ee4e166bda" />
  </TestLists>
  <TestEntries>
    <TestEntry testId="2f6687ba-5099-88d7-7d38-fbb81e067d44" executionId="ffab4221-b9b2-47f2-a62a-9f021480c6f1" testListId="8c84fa94-04c1-424b-9868-57a2d4851a1d" />
  </TestEntries>
  <Results>
    <UnitTestResult executionId="ffab4221-b9b2-47f2-a62a-9f021480c6f1" testId="2f6687ba-5099-88d7-7d38-fbb81e067d44" testName="NotificationMeetsRulesTest" computerName="FPE-V37" duration="00:00:07.2513251" startTime="2012-02-21T14:05:54.1570272-05:00" endTime="2012-02-21T14:06:05.4900272-05:00" testType="13cdc9d9-ddb5-4fa4-a97d-d965ccfc6d4b" outcome="Failed" testListId="8c84fa94-04c1-424b-9868-57a2d4851a1d" relativeResultsDirectory="ffab4221-b9b2-47f2-a62a-9f021480c6f1">
      <Output>
        <ErrorInfo>
          <Message>Test method Test.StickyNoteDisplayTest.NotificationMeetsRulesTest threw exception: 
System.NullReferenceException: Object reference not set to an instance of an object.</Message>
          <StackTrace>    at Test.StickyNoteDisplayTest.NotificationMeetsRulesTest() in C:\Users\Tzvi\Documents\VS Projects\Growl-For-Windows-git\Growl Extras\Sticky Note\Test\StickyNoteDisplayTest.cs:line 77
</StackTrace>
        </ErrorInfo>
      </Output>
    </UnitTestResult>
  </Results>
</TestRun>